../Core/Src/main.c:76:6:setTimer0	16	static
../Core/Src/main.c:82:6:timer_run	4	static
../Core/Src/main.c:96:5:main	8	static
../Core/Src/main.c:186:6:SystemClock_Config	72	static
../Core/Src/main.c:223:13:MX_TIM2_Init	32	static
../Core/Src/main.c:268:13:MX_GPIO_Init	32	static
../Core/Src/main.c:309:6:updateClockBuffer	4	static
../Core/Src/main.c:316:6:HAL_TIM_PeriodElapsedCallback	16	static
../Core/Src/main.c:342:6:display7SEG	16	static
../Core/Src/main.c:439:6:update7SEG	16	static
../Core/Src/main.c:481:6:Error_Handler	4	static,ignoring_inline_asm
